2026-09-16T09:46:36.007+02:00  INFO 21324 --- [facturacion360] [restartedMain] e.x.f.Facturacion360Application          : Starting Facturacion360Application using Java 21.0.11 with PID 21324 (C:\Users\UsuarioM\Documents\FACTURACION360\profe\facturacion360\target\classes started by UsuarioM in C:\Users\UsuarioM\Documents\FACTURACION360\profe\facturacion360)
2026-09-16T09:46:36.007+02:00 DEBUG 21324 --- [facturacion360] [restartedMain] e.x.f.Facturacion360Application          : Running with Spring Boot v4.1.0, Spring v7.0.8
2026-09-16T09:46:36.007+02:00  INFO 21324 --- [facturacion360] [restartedMain] e.x.f.Facturacion360Application          : No active profile set, falling back to 1 default profile: "default"
2026-09-16T09:46:36.167+02:00  INFO 21324 --- [facturacion360] [restartedMain] o.s.boot.tomcat.TomcatWebServer          : Tomcat initialized with port 8080 (http)
2026-09-16T09:46:36.171+02:00  INFO 21324 --- [facturacion360] [restartedMain] o.apache.catalina.core.StandardService   : Starting service [Tomcat]
2026-09-16T09:46:36.171+02:00  INFO 21324 --- [facturacion360] [restartedMain] o.apache.catalina.core.StandardEngine    : Starting Servlet engine: [Apache Tomcat/11.0.22]
2026-09-16T09:46:36.180+02:00  INFO 21324 --- [facturacion360] [restartedMain] b.w.c.s.WebApplicationContextInitializer : Root WebApplicationContext: initialization completed in 171 ms
2026-09-16T09:46:36.309+02:00  INFO 21324 --- [facturacion360] [restartedMain] o.s.boot.tomcat.TomcatWebServer          : Tomcat started on port 8080 (http) with context path '/'
2026-09-16T09:46:36.311+02:00  INFO 21324 --- [facturacion360] [restartedMain] e.x.f.Facturacion360Application          : Started Facturacion360Application in 0.327 seconds (process running for 243.556)
2026-09-16T09:46:36.312+02:00  WARN 21324 --- [facturacion360] [restartedMain] o.s.core.events.SpringDocAppInitializer  : SpringDoc /v3/api-docs endpoint is enabled by default. To disable it in production, set the property 'springdoc.api-docs.enabled=false'
2026-09-16T09:46:36.312+02:00  WARN 21324 --- [facturacion360] [restartedMain] o.s.core.events.SpringDocAppInitializer  : SpringDoc /swagger-ui.html endpoint is enabled by default. To disable it in production, set the property 'springdoc.swagger-ui.enabled=false'
2026-09-16T09:46:36.313+02:00  INFO 21324 --- [facturacion360] [restartedMain] .ConditionEvaluationDeltaLoggingListener : Condition evaluation unchanged
2026-09-16T09:46:37.860+02:00  INFO 21324 --- [facturacion360] [RMI TCP Connection(12)-127.0.0.1] inMXBeanRegistrar$SpringApplicationAdmin : Application shutdown requested.
2026-09-16T09:46:37.861+02:00  INFO 21324 --- [facturacion360] [RMI TCP Connection(12)-127.0.0.1] o.s.boot.tomcat.GracefulShutdown         : Commencing graceful shutdown. Waiting for active requests to complete
2026-09-16T09:46:37.864+02:00  INFO 21324 --- [facturacion360] [tomcat-shutdown] o.s.boot.tomcat.GracefulShutdown         : Graceful shutdown complete
2026-09-16T09:52:08.815+02:00  INFO 20104 --- [facturacion360] [restartedMain] e.x.f.Facturacion360Application          : Starting Facturacion360Application using Java 21.0.11 with PID 20104 (C:\Users\UsuarioM\Documents\FACTURACION360\profe\facturacion360\target\classes started by UsuarioM in C:\Users\UsuarioM\Documents\FACTURACION360\profe\facturacion360)
2026-09-16T09:52:08.817+02:00 DEBUG 20104 --- [facturacion360] [restartedMain] e.x.f.Facturacion360Application          : Running with Spring Boot v4.1.0, Spring v7.0.8
2026-09-16T09:52:08.818+02:00  INFO 20104 --- [facturacion360] [restartedMain] e.x.f.Facturacion360Application          : No active profile set, falling back to 1 default profile: "default"
2026-09-16T09:52:08.848+02:00  INFO 20104 --- [facturacion360] [restartedMain] .e.DevToolsPropertyDefaultsPostProcessor : Devtools property defaults active! Set 'spring.devtools.add-properties' to 'false' to disable
2026-09-16T09:52:08.848+02:00  INFO 20104 --- [facturacion360] [restartedMain] .e.DevToolsPropertyDefaultsPostProcessor : For additional web related logging consider setting the 'logging.level.web' property to 'DEBUG'
2026-09-16T09:52:09.535+02:00  INFO 20104 --- [facturacion360] [restartedMain] o.s.boot.tomcat.TomcatWebServer          : Tomcat initialized with port 8080 (http)
2026-09-16T09:52:09.546+02:00  INFO 20104 --- [facturacion360] [restartedMain] o.apache.catalina.core.StandardService   : Starting service [Tomcat]
2026-09-16T09:52:09.546+02:00  INFO 20104 --- [facturacion360] [restartedMain] o.apache.catalina.core.StandardEngine    : Starting Servlet engine: [Apache Tomcat/11.0.22]
2026-09-16T09:52:09.574+02:00  INFO 20104 --- [facturacion360] [restartedMain] b.w.c.s.WebApplicationContextInitializer : Root WebApplicationContext: initialization completed in 725 ms
2026-09-16T09:52:10.048+02:00  INFO 20104 --- [facturacion360] [restartedMain] o.s.boot.tomcat.TomcatWebServer          : Tomcat started on port 8080 (http) with context path '/'
2026-09-16T09:52:10.052+02:00  INFO 20104 --- [facturacion360] [restartedMain] e.x.f.Facturacion360Application          : Started Facturacion360Application in 1.544 seconds (process running for 1.967)
2026-09-16T09:52:10.054+02:00  WARN 20104 --- [facturacion360] [restartedMain] o.s.core.events.SpringDocAppInitializer  : SpringDoc /v3/api-docs endpoint is enabled by default. To disable it in production, set the property 'springdoc.api-docs.enabled=false'
2026-09-16T09:52:10.054+02:00  WARN 20104 --- [facturacion360] [restartedMain] o.s.core.events.SpringDocAppInitializer  : SpringDoc /swagger-ui.html endpoint is enabled by default. To disable it in production, set the property 'springdoc.swagger-ui.enabled=false'
2026-09-16T09:52:20.157+02:00  INFO 20104 --- [facturacion360] [http-nio-8080-exec-1] o.a.c.c.C.[Tomcat].[localhost].[/]       : Initializing Spring DispatcherServlet 'dispatcherServlet'
2026-09-16T09:52:20.158+02:00  INFO 20104 --- [facturacion360] [http-nio-8080-exec-1] o.s.web.servlet.DispatcherServlet        : Initializing Servlet 'dispatcherServlet'
2026-09-16T09:52:20.161+02:00  INFO 20104 --- [facturacion360] [http-nio-8080-exec-1] o.s.web.servlet.DispatcherServlet        : Completed initialization in 2 ms
2026-09-16T09:52:20.280+02:00  INFO 20104 --- [facturacion360] [http-nio-8080-exec-8] e.x.f.controller.ClienteController       : GET /cliente/listar-ultimos?limite=100 (acotado a 100)
2026-09-16T09:52:20.281+02:00 DEBUG 20104 --- [facturacion360] [http-nio-8080-exec-7] o.s.jdbc.core.JdbcTemplate               : Executing SQL query [SELECT f.idfactura, f.idcliente, c.nombre AS nombre_cliente, f.num_factura, f.fecha_emision, f.estado, f.observaciones, f.subtotal, f.importe_iva, f.total FROM facturas f INNER JOIN clientes c ON f.idcliente = c.idcliente ORDER BY f.fecha_emision DESC, f.idfactura DESC]
2026-09-16T09:52:20.282+02:00 DEBUG 20104 --- [facturacion360] [http-nio-8080-exec-8] o.s.jdbc.core.JdbcTemplate               : Executing prepared SQL query
2026-09-16T09:52:20.283+02:00 DEBUG 20104 --- [facturacion360] [http-nio-8080-exec-8] o.s.jdbc.core.JdbcTemplate               : Executing prepared SQL statement [SELECT idcliente, nombre, nif_cif, direccion, codigopostal, poblacion, provincia, telefono, email, fecha_alta FROM clientes ORDER BY idcliente DESC LIMIT ?]
2026-09-16T09:52:20.286+02:00  INFO 20104 --- [facturacion360] [http-nio-8080-exec-7] com.zaxxer.hikari.HikariDataSource       : HikariPool-1 - Starting...
2026-09-16T09:52:21.009+02:00  INFO 20104 --- [facturacion360] [http-nio-8080-exec-7] com.zaxxer.hikari.pool.HikariPool        : HikariPool-1 - Added connection com.mysql.cj.jdbc.ConnectionImpl@afdada3
2026-09-16T09:52:21.011+02:00  INFO 20104 --- [facturacion360] [http-nio-8080-exec-7] com.zaxxer.hikari.HikariDataSource       : HikariPool-1 - Start completed.
2026-09-16T09:52:21.080+02:00 DEBUG 20104 --- [facturacion360] [http-nio-8080-exec-8] e.x.f.r.ClienteRepositoryJdbcImpl        : findUltimos(100) -> 5 filas
2026-09-16T09:52:21.080+02:00 DEBUG 20104 --- [facturacion360] [http-nio-8080-exec-7] e.x.f.r.FacturaRepositoryJdbcImpl        : buscar() devuelve 9 facturas
2026-09-16T09:52:21.081+02:00  INFO 20104 --- [facturacion360] [http-nio-8080-exec-8] e.x.f.service.ClienteServiceImpl         : listarUltimos(100) -> 5 clientes
2026-09-16T09:52:21.083+02:00  INFO 20104 --- [facturacion360] [http-nio-8080-exec-8] e.x.f.controller.ClienteController       : listar-ultimos devuelve 5 clientes
2026-09-16T09:52:34.201+02:00  INFO 20104 --- [facturacion360] [RMI TCP Connection(8)-127.0.0.1] inMXBeanRegistrar$SpringApplicationAdmin : Application shutdown requested.
2026-09-16T09:52:34.203+02:00  INFO 20104 --- [facturacion360] [RMI TCP Connection(8)-127.0.0.1] o.s.boot.tomcat.GracefulShutdown         : Commencing graceful shutdown. Waiting for active requests to complete
2026-09-16T09:52:34.206+02:00  INFO 20104 --- [facturacion360] [tomcat-shutdown] o.s.boot.tomcat.GracefulShutdown         : Graceful shutdown complete
2026-09-16T09:52:34.210+02:00  INFO 20104 --- [facturacion360] [RMI TCP Connection(8)-127.0.0.1] com.zaxxer.hikari.HikariDataSource       : HikariPool-1 - Shutdown initiated...
2026-09-16T09:52:34.213+02:00  INFO 20104 --- [facturacion360] [RMI TCP Connection(8)-127.0.0.1] com.zaxxer.hikari.HikariDataSource       : HikariPool-1 - Shutdown completed.
2026-09-16T09:52:53.805+02:00  INFO 23504 --- [facturacion360] [restartedMain] e.x.f.Facturacion360Application          : Starting Facturacion360Application using Java 21.0.11 with PID 23504 (C:\Users\UsuarioM\Documents\FACTURACION360\profe\facturacion360\target\classes started by UsuarioM in C:\Users\UsuarioM\Documents\FACTURACION360\profe\facturacion360)
2026-09-16T09:52:53.806+02:00 DEBUG 23504 --- [facturacion360] [restartedMain] e.x.f.Facturacion360Application          : Running with Spring Boot v4.1.0, Spring v7.0.8
2026-09-16T09:52:53.807+02:00  INFO 23504 --- [facturacion360] [restartedMain] e.x.f.Facturacion360Application          : No active profile set, falling back to 1 default profile: "default"
2026-09-16T09:52:53.836+02:00  INFO 23504 --- [facturacion360] [restartedMain] .e.DevToolsPropertyDefaultsPostProcessor : Devtools property defaults active! Set 'spring.devtools.add-properties' to 'false' to disable
2026-09-16T09:52:53.836+02:00  INFO 23504 --- [facturacion360] [restartedMain] .e.DevToolsPropertyDefaultsPostProcessor : For additional web related logging consider setting the 'logging.level.web' property to 'DEBUG'
2026-09-16T09:52:54.538+02:00  INFO 23504 --- [facturacion360] [restartedMain] o.s.boot.tomcat.TomcatWebServer          : Tomcat initialized with port 8080 (http)
2026-09-16T09:52:54.548+02:00  INFO 23504 --- [facturacion360] [restartedMain] o.apache.catalina.core.StandardService   : Starting service [Tomcat]
2026-09-16T09:52:54.548+02:00  INFO 23504 --- [facturacion360] [restartedMain] o.apache.catalina.core.StandardEngine    : Starting Servlet engine: [Apache Tomcat/11.0.22]
2026-09-16T09:52:54.576+02:00  INFO 23504 --- [facturacion360] [restartedMain] b.w.c.s.WebApplicationContextInitializer : Root WebApplicationContext: initialization completed in 739 ms
2026-09-16T09:52:55.054+02:00  INFO 23504 --- [facturacion360] [restartedMain] o.s.boot.tomcat.TomcatWebServer          : Tomcat started on port 8080 (http) with context path '/'
2026-09-16T09:52:55.058+02:00  INFO 23504 --- [facturacion360] [restartedMain] e.x.f.Facturacion360Application          : Started Facturacion360Application in 1.562 seconds (process running for 1.974)
2026-09-16T09:52:55.060+02:00  WARN 23504 --- [facturacion360] [restartedMain] o.s.core.events.SpringDocAppInitializer  : SpringDoc /v3/api-docs endpoint is enabled by default. To disable it in production, set the property 'springdoc.api-docs.enabled=false'
2026-09-16T09:52:55.061+02:00  WARN 23504 --- [facturacion360] [restartedMain] o.s.core.events.SpringDocAppInitializer  : SpringDoc /swagger-ui.html endpoint is enabled by default. To disable it in production, set the property 'springdoc.swagger-ui.enabled=false'
2026-09-16T09:54:33.902+02:00  INFO 23504 --- [facturacion360] [http-nio-8080-exec-1] o.a.c.c.C.[Tomcat].[localhost].[/]       : Initializing Spring DispatcherServlet 'dispatcherServlet'
2026-09-16T09:54:33.904+02:00  INFO 23504 --- [facturacion360] [http-nio-8080-exec-1] o.s.web.servlet.DispatcherServlet        : Initializing Servlet 'dispatcherServlet'
2026-09-16T09:54:33.906+02:00  INFO 23504 --- [facturacion360] [http-nio-8080-exec-1] o.s.web.servlet.DispatcherServlet        : Completed initialization in 2 ms
2026-09-16T09:54:34.016+02:00  INFO 23504 --- [facturacion360] [http-nio-8080-exec-1] com.zaxxer.hikari.HikariDataSource       : HikariPool-1 - Starting...
2026-09-16T09:54:35.077+02:00  INFO 23504 --- [facturacion360] [http-nio-8080-exec-1] com.zaxxer.hikari.pool.HikariPool        : HikariPool-1 - Added connection com.mysql.cj.jdbc.ConnectionImpl@7fc861ce
2026-09-16T09:54:35.081+02:00  INFO 23504 --- [facturacion360] [http-nio-8080-exec-1] com.zaxxer.hikari.HikariDataSource       : HikariPool-1 - Start completed.
2026-09-16T09:54:35.108+02:00 DEBUG 23504 --- [facturacion360] [http-nio-8080-exec-1] o.s.jdbc.core.JdbcTemplate               : Executing prepared SQL query
2026-09-16T09:54:35.111+02:00 DEBUG 23504 --- [facturacion360] [http-nio-8080-exec-1] o.s.jdbc.core.JdbcTemplate               : Executing prepared SQL statement [SELECT f.idfactura, f.idcliente, c.nombre AS nombre_cliente, f.num_factura, f.fecha_emision, f.estado, f.observaciones, f.subtotal, f.importe_iva, f.total FROM facturas f INNER JOIN clientes c ON f.idcliente = c.idcliente WHERE f.idfactura = ?]
2026-09-16T09:54:35.194+02:00 DEBUG 23504 --- [facturacion360] [http-nio-8080-exec-1] o.s.jdbc.core.JdbcTemplate               : Executing prepared SQL query
2026-09-16T09:54:35.196+02:00 DEBUG 23504 --- [facturacion360] [http-nio-8080-exec-1] o.s.jdbc.core.JdbcTemplate               : Executing prepared SQL statement [SELECT idcliente, nombre, nif_cif, direccion, codigopostal, poblacion, provincia, telefono, email FROM clientes WHERE idcliente = ?]
2026-09-16T09:54:35.201+02:00 DEBUG 23504 --- [facturacion360] [http-nio-8080-exec-1] o.s.jdbc.core.JdbcTemplate               : Executing prepared SQL query
2026-09-16T09:54:35.202+02:00 DEBUG 23504 --- [facturacion360] [http-nio-8080-exec-1] o.s.jdbc.core.JdbcTemplate               : Executing prepared SQL statement [SELECT idconcepto, descripcion, cantidad, precio_unitario, descuento, porcentaje_iva, importe_iva, base_imponible, total FROM conceptos WHERE idfactura = ? ORDER BY idconcepto]
2026-09-16T09:54:44.698+02:00 DEBUG 23504 --- [facturacion360] [http-nio-8080-exec-2] o.s.jdbc.core.JdbcTemplate               : Executing prepared SQL query
2026-09-16T09:54:44.700+02:00 DEBUG 23504 --- [facturacion360] [http-nio-8080-exec-2] o.s.jdbc.core.JdbcTemplate               : Executing prepared SQL statement [SELECT c.descripcion, c.precio_unitario, c.descuento, c.porcentaje_iva FROM conceptos c INNER JOIN facturas f ON f.idfactura = c.idfactura WHERE c.descripcion LIKE ? ESCAPE '\\' ORDER BY f.fecha_emision DESC, f.idfactura DESC, c.idconcepto DESC]
2026-09-16T09:54:45.564+02:00 DEBUG 23504 --- [facturacion360] [http-nio-8080-exec-4] o.s.jdbc.core.JdbcTemplate               : Executing prepared SQL query
2026-09-16T09:54:45.585+02:00 DEBUG 23504 --- [facturacion360] [http-nio-8080-exec-4] o.s.jdbc.core.JdbcTemplate               : Executing prepared SQL statement [SELECT c.descripcion, c.precio_unitario, c.descuento, c.porcentaje_iva FROM conceptos c INNER JOIN facturas f ON f.idfactura = c.idfactura WHERE c.descripcion LIKE ? ESCAPE '\\' ORDER BY f.fecha_emision DESC, f.idfactura DESC, c.idconcepto DESC]
2026-09-16T09:54:46.079+02:00 DEBUG 23504 --- [facturacion360] [http-nio-8080-exec-3] o.s.jdbc.core.JdbcTemplate               : Executing prepared SQL query
2026-09-16T09:54:46.080+02:00 DEBUG 23504 --- [facturacion360] [http-nio-8080-exec-3] o.s.jdbc.core.JdbcTemplate               : Executing prepared SQL statement [SELECT c.descripcion, c.precio_unitario, c.descuento, c.porcentaje_iva FROM conceptos c INNER JOIN facturas f ON f.idfactura = c.idfactura WHERE c.descripcion LIKE ? ESCAPE '\\' ORDER BY f.fecha_emision DESC, f.idfactura DESC, c.idconcepto DESC]
2026-09-16T09:56:35.694+02:00 DEBUG 23504 --- [facturacion360] [http-nio-8080-exec-5] o.s.jdbc.core.JdbcTemplate               : Executing prepared SQL query
2026-09-16T09:56:35.696+02:00 DEBUG 23504 --- [facturacion360] [http-nio-8080-exec-5] o.s.jdbc.core.JdbcTemplate               : Executing prepared SQL statement [SELECT f.*, NULL AS nombre_cliente FROM facturas f WHERE f.idfactura = ? FOR UPDATE]
2026-09-16T09:56:35.705+02:00 DEBUG 23504 --- [facturacion360] [http-nio-8080-exec-5] o.s.jdbc.core.JdbcTemplate               : Executing prepared SQL update
2026-09-16T09:56:35.707+02:00 DEBUG 23504 --- [facturacion360] [http-nio-8080-exec-5] o.s.jdbc.core.JdbcTemplate               : Executing prepared SQL statement [UPDATE facturas SET idcliente=?, fecha_emision=?, observaciones=?, subtotal=?, importe_iva=?, total=?, fecha_actualizacion=NOW() WHERE idfactura=? AND estado='BORRADOR']
2026-09-16T09:56:35.723+02:00 DEBUG 23504 --- [facturacion360] [http-nio-8080-exec-5] o.s.jdbc.core.JdbcTemplate               : Executing prepared SQL update
2026-09-16T09:56:35.725+02:00 DEBUG 23504 --- [facturacion360] [http-nio-8080-exec-5] o.s.jdbc.core.JdbcTemplate               : Executing prepared SQL statement [DELETE FROM conceptos WHERE idfactura=?]
2026-09-16T09:56:35.730+02:00 DEBUG 23504 --- [facturacion360] [http-nio-8080-exec-5] o.s.jdbc.core.JdbcTemplate               : Executing prepared SQL update
2026-09-16T09:56:35.730+02:00 DEBUG 23504 --- [facturacion360] [http-nio-8080-exec-5] o.s.jdbc.core.JdbcTemplate               : Executing prepared SQL statement [INSERT INTO conceptos (descripcion, cantidad, precio_unitario, descuento, porcentaje_iva, importe_iva, base_imponible, total, idfactura) VALUES (?, ?, ?, ?, ?, ?, ?, ?, ?)]
2026-09-16T09:56:35.735+02:00 DEBUG 23504 --- [facturacion360] [http-nio-8080-exec-5] o.s.jdbc.core.JdbcTemplate               : Executing prepared SQL query
2026-09-16T09:56:35.736+02:00 DEBUG 23504 --- [facturacion360] [http-nio-8080-exec-5] o.s.jdbc.core.JdbcTemplate               : Executing prepared SQL statement [SELECT f.idfactura, f.idcliente, c.nombre AS nombre_cliente, f.num_factura, f.fecha_emision, f.estado, f.observaciones, f.subtotal, f.importe_iva, f.total FROM facturas f INNER JOIN clientes c ON f.idcliente = c.idcliente WHERE f.idfactura = ?]
2026-09-16T09:56:35.760+02:00 DEBUG 23504 --- [facturacion360] [http-nio-8080-exec-7] o.s.jdbc.core.JdbcTemplate               : Executing SQL query [SELECT f.idfactura, f.idcliente, c.nombre AS nombre_cliente, f.num_factura, f.fecha_emision, f.estado, f.observaciones, f.subtotal, f.importe_iva, f.total FROM facturas f INNER JOIN clientes c ON f.idcliente = c.idcliente ORDER BY f.fecha_emision DESC, f.idfactura DESC]
2026-09-16T09:56:35.776+02:00 DEBUG 23504 --- [facturacion360] [http-nio-8080-exec-7] e.x.f.r.FacturaRepositoryJdbcImpl        : buscar() devuelve 9 facturas
2026-09-16T09:56:37.529+02:00 DEBUG 23504 --- [facturacion360] [http-nio-8080-exec-8] o.s.jdbc.core.JdbcTemplate               : Executing prepared SQL query
2026-09-16T09:56:37.530+02:00 DEBUG 23504 --- [facturacion360] [http-nio-8080-exec-8] o.s.jdbc.core.JdbcTemplate               : Executing prepared SQL statement [SELECT f.idfactura, f.idcliente, c.nombre AS nombre_cliente, f.num_factura, f.fecha_emision, f.estado, f.observaciones, f.subtotal, f.importe_iva, f.total FROM facturas f INNER JOIN clientes c ON f.idcliente = c.idcliente WHERE f.idfactura = ?]
2026-09-16T09:56:37.533+02:00 DEBUG 23504 --- [facturacion360] [http-nio-8080-exec-8] o.s.jdbc.core.JdbcTemplate               : Executing prepared SQL query
2026-09-16T09:56:37.534+02:00 DEBUG 23504 --- [facturacion360] [http-nio-8080-exec-8] o.s.jdbc.core.JdbcTemplate               : Executing prepared SQL statement [SELECT idcliente, nombre, nif_cif, direccion, codigopostal, poblacion, provincia, telefono, email FROM clientes WHERE idcliente = ?]
2026-09-16T09:56:37.536+02:00 DEBUG 23504 --- [facturacion360] [http-nio-8080-exec-8] o.s.jdbc.core.JdbcTemplate               : Executing prepared SQL query
2026-09-16T09:56:37.537+02:00 DEBUG 23504 --- [facturacion360] [http-nio-8080-exec-8] o.s.jdbc.core.JdbcTemplate               : Executing prepared SQL statement [SELECT idconcepto, descripcion, cantidad, precio_unitario, descuento, porcentaje_iva, importe_iva, base_imponible, total FROM conceptos WHERE idfactura = ? ORDER BY idconcepto]
2026-09-16T09:57:03.249+02:00 DEBUG 23504 --- [facturacion360] [http-nio-8080-exec-9] o.s.jdbc.core.JdbcTemplate               : Executing prepared SQL query
2026-09-16T09:57:03.249+02:00 DEBUG 23504 --- [facturacion360] [http-nio-8080-exec-9] o.s.jdbc.core.JdbcTemplate               : Executing prepared SQL statement [SELECT f.idfactura, f.idcliente, c.nombre AS nombre_cliente, f.num_factura, f.fecha_emision, f.estado, f.observaciones, f.subtotal, f.importe_iva, f.total FROM facturas f INNER JOIN clientes c ON f.idcliente = c.idcliente WHERE f.idfactura = ?]
2026-09-16T09:57:03.252+02:00 DEBUG 23504 --- [facturacion360] [http-nio-8080-exec-9] o.s.jdbc.core.JdbcTemplate               : Executing prepared SQL query
2026-09-16T09:57:03.253+02:00 DEBUG 23504 --- [facturacion360] [http-nio-8080-exec-9] o.s.jdbc.core.JdbcTemplate               : Executing prepared SQL statement [SELECT idcliente, nombre, nif_cif, direccion, codigopostal, poblacion, provincia, telefono, email FROM clientes WHERE idcliente = ?]
2026-09-16T09:57:03.255+02:00 DEBUG 23504 --- [facturacion360] [http-nio-8080-exec-9] o.s.jdbc.core.JdbcTemplate               : Executing prepared SQL query
2026-09-16T09:57:03.255+02:00 DEBUG 23504 --- [facturacion360] [http-nio-8080-exec-9] o.s.jdbc.core.JdbcTemplate               : Executing prepared SQL statement [SELECT idconcepto, descripcion, cantidad, precio_unitario, descuento, porcentaje_iva, importe_iva, base_imponible, total FROM conceptos WHERE idfactura = ? ORDER BY idconcepto]
2026-09-16T09:57:29.855+02:00 DEBUG 23504 --- [facturacion360] [http-nio-8080-exec-10] o.s.jdbc.core.JdbcTemplate               : Executing prepared SQL query
2026-09-16T09:57:29.856+02:00 DEBUG 23504 --- [facturacion360] [http-nio-8080-exec-10] o.s.jdbc.core.JdbcTemplate               : Executing prepared SQL statement [SELECT c.descripcion, c.precio_unitario, c.descuento, c.porcentaje_iva FROM conceptos c INNER JOIN facturas f ON f.idfactura = c.idfactura WHERE c.descripcion LIKE ? ESCAPE '\\' ORDER BY f.fecha_emision DESC, f.idfactura DESC, c.idconcepto DESC]
2026-09-16T09:59:19.996+02:00 DEBUG 23504 --- [facturacion360] [http-nio-8080-exec-2] o.s.jdbc.core.JdbcTemplate               : Executing prepared SQL query
2026-09-16T09:59:19.996+02:00 DEBUG 23504 --- [facturacion360] [http-nio-8080-exec-2] o.s.jdbc.core.JdbcTemplate               : Executing prepared SQL statement [SELECT f.*, NULL AS nombre_cliente FROM facturas f WHERE f.idfactura = ? FOR UPDATE]
2026-09-16T09:59:19.998+02:00 DEBUG 23504 --- [facturacion360] [http-nio-8080-exec-2] o.s.jdbc.core.JdbcTemplate               : Executing prepared SQL update
2026-09-16T09:59:19.999+02:00 DEBUG 23504 --- [facturacion360] [http-nio-8080-exec-2] o.s.jdbc.core.JdbcTemplate               : Executing prepared SQL statement [UPDATE facturas SET idcliente=?, fecha_emision=?, observaciones=?, subtotal=?, importe_iva=?, total=?, fecha_actualizacion=NOW() WHERE idfactura=? AND estado='BORRADOR']
2026-09-16T09:59:20.001+02:00 DEBUG 23504 --- [facturacion360] [http-nio-8080-exec-2] o.s.jdbc.core.JdbcTemplate               : Executing prepared SQL update
2026-09-16T09:59:20.002+02:00 DEBUG 23504 --- [facturacion360] [http-nio-8080-exec-2] o.s.jdbc.core.JdbcTemplate               : Executing prepared SQL statement [DELETE FROM conceptos WHERE idfactura=?]
2026-09-16T09:59:20.004+02:00 DEBUG 23504 --- [facturacion360] [http-nio-8080-exec-2] o.s.jdbc.core.JdbcTemplate               : Executing prepared SQL update
2026-09-16T09:59:20.004+02:00 DEBUG 23504 --- [facturacion360] [http-nio-8080-exec-2] o.s.jdbc.core.JdbcTemplate               : Executing prepared SQL statement [INSERT INTO conceptos (descripcion, cantidad, precio_unitario, descuento, porcentaje_iva, importe_iva, base_imponible, total, idfactura) VALUES (?, ?, ?, ?, ?, ?, ?, ?, ?)]
2026-09-16T09:59:20.007+02:00 DEBUG 23504 --- [facturacion360] [http-nio-8080-exec-2] o.s.jdbc.core.JdbcTemplate               : Executing prepared SQL update
2026-09-16T09:59:20.007+02:00 DEBUG 23504 --- [facturacion360] [http-nio-8080-exec-2] o.s.jdbc.core.JdbcTemplate               : Executing prepared SQL statement [INSERT INTO conceptos (descripcion, cantidad, precio_unitario, descuento, porcentaje_iva, importe_iva, base_imponible, total, idfactura) VALUES (?, ?, ?, ?, ?, ?, ?, ?, ?)]
2026-09-16T09:59:20.009+02:00 DEBUG 23504 --- [facturacion360] [http-nio-8080-exec-2] o.s.jdbc.core.JdbcTemplate               : Executing prepared SQL query
2026-09-16T09:59:20.009+02:00 DEBUG 23504 --- [facturacion360] [http-nio-8080-exec-2] o.s.jdbc.core.JdbcTemplate               : Executing prepared SQL statement [SELECT f.idfactura, f.idcliente, c.nombre AS nombre_cliente, f.num_factura, f.fecha_emision, f.estado, f.observaciones, f.subtotal, f.importe_iva, f.total FROM facturas f INNER JOIN clientes c ON f.idcliente = c.idcliente WHERE f.idfactura = ?]
2026-09-16T09:59:20.022+02:00 DEBUG 23504 --- [facturacion360] [http-nio-8080-exec-4] o.s.jdbc.core.JdbcTemplate               : Executing SQL query [SELECT f.idfactura, f.idcliente, c.nombre AS nombre_cliente, f.num_factura, f.fecha_emision, f.estado, f.observaciones, f.subtotal, f.importe_iva, f.total FROM facturas f INNER JOIN clientes c ON f.idcliente = c.idcliente ORDER BY f.fecha_emision DESC, f.idfactura DESC]
2026-09-16T09:59:20.026+02:00 DEBUG 23504 --- [facturacion360] [http-nio-8080-exec-4] e.x.f.r.FacturaRepositoryJdbcImpl        : buscar() devuelve 9 facturas
2026-09-16T10:10:27.727+02:00 DEBUG 23504 --- [facturacion360] [http-nio-8080-exec-8] o.s.jdbc.core.JdbcTemplate               : Executing prepared SQL query
2026-09-16T10:10:27.728+02:00 DEBUG 23504 --- [facturacion360] [http-nio-8080-exec-8] o.s.jdbc.core.JdbcTemplate               : Executing prepared SQL statement [SELECT f.idfactura, f.idcliente, c.nombre AS nombre_cliente, f.num_factura, f.fecha_emision, f.estado, f.observaciones, f.subtotal, f.importe_iva, f.total FROM facturas f INNER JOIN clientes c ON f.idcliente = c.idcliente WHERE f.idfactura = ?]
2026-09-16T10:10:27.732+02:00 DEBUG 23504 --- [facturacion360] [http-nio-8080-exec-8] o.s.jdbc.core.JdbcTemplate               : Executing prepared SQL query
2026-09-16T10:10:27.733+02:00 DEBUG 23504 --- [facturacion360] [http-nio-8080-exec-8] o.s.jdbc.core.JdbcTemplate               : Executing prepared SQL statement [SELECT idcliente, nombre, nif_cif, direccion, codigopostal, poblacion, provincia, telefono, email FROM clientes WHERE idcliente = ?]
2026-09-16T10:10:27.737+02:00 DEBUG 23504 --- [facturacion360] [http-nio-8080-exec-8] o.s.jdbc.core.JdbcTemplate               : Executing prepared SQL query
2026-09-16T10:10:27.737+02:00 DEBUG 23504 --- [facturacion360] [http-nio-8080-exec-8] o.s.jdbc.core.JdbcTemplate               : Executing prepared SQL statement [SELECT idconcepto, descripcion, cantidad, precio_unitario, descuento, porcentaje_iva, importe_iva, base_imponible, total FROM conceptos WHERE idfactura = ? ORDER BY idconcepto]
2026-09-16T10:24:46.211+02:00 DEBUG 23504 --- [facturacion360] [http-nio-8080-exec-2] o.s.jdbc.core.JdbcTemplate               : Executing prepared SQL query
2026-09-16T10:24:46.213+02:00 DEBUG 23504 --- [facturacion360] [http-nio-8080-exec-2] o.s.jdbc.core.JdbcTemplate               : Executing prepared SQL statement [SELECT c.descripcion, c.precio_unitario, c.descuento, c.porcentaje_iva FROM conceptos c INNER JOIN facturas f ON f.idfactura = c.idfactura WHERE c.descripcion LIKE ? ESCAPE '\\' ORDER BY f.fecha_emision DESC, f.idfactura DESC, c.idconcepto DESC]
2026-09-16T10:24:47.589+02:00 DEBUG 23504 --- [facturacion360] [http-nio-8080-exec-4] o.s.jdbc.core.JdbcTemplate               : Executing prepared SQL query
2026-09-16T10:24:47.590+02:00 DEBUG 23504 --- [facturacion360] [http-nio-8080-exec-4] o.s.jdbc.core.JdbcTemplate               : Executing prepared SQL statement [SELECT c.descripcion, c.precio_unitario, c.descuento, c.porcentaje_iva FROM conceptos c INNER JOIN facturas f ON f.idfactura = c.idfactura WHERE c.descripcion LIKE ? ESCAPE '\\' ORDER BY f.fecha_emision DESC, f.idfactura DESC, c.idconcepto DESC]
2026-09-16T10:24:49.535+02:00 DEBUG 23504 --- [facturacion360] [http-nio-8080-exec-3] o.s.jdbc.core.JdbcTemplate               : Executing prepared SQL query
2026-09-16T10:24:49.536+02:00 DEBUG 23504 --- [facturacion360] [http-nio-8080-exec-3] o.s.jdbc.core.JdbcTemplate               : Executing prepared SQL statement [SELECT c.descripcion, c.precio_unitario, c.descuento, c.porcentaje_iva FROM conceptos c INNER JOIN facturas f ON f.idfactura = c.idfactura WHERE c.descripcion LIKE ? ESCAPE '\\' ORDER BY f.fecha_emision DESC, f.idfactura DESC, c.idconcepto DESC]
2026-09-16T10:24:51.716+02:00 DEBUG 23504 --- [facturacion360] [http-nio-8080-exec-6] o.s.jdbc.core.JdbcTemplate               : Executing prepared SQL query
2026-09-16T10:24:51.716+02:00 DEBUG 23504 --- [facturacion360] [http-nio-8080-exec-6] o.s.jdbc.core.JdbcTemplate               : Executing prepared SQL statement [SELECT c.descripcion, c.precio_unitario, c.descuento, c.porcentaje_iva FROM conceptos c INNER JOIN facturas f ON f.idfactura = c.idfactura WHERE c.descripcion LIKE ? ESCAPE '\\' ORDER BY f.fecha_emision DESC, f.idfactura DESC, c.idconcepto DESC]
2026-09-16T10:24:52.401+02:00 DEBUG 23504 --- [facturacion360] [http-nio-8080-exec-5] o.s.jdbc.core.JdbcTemplate               : Executing prepared SQL query
2026-09-16T10:24:52.402+02:00 DEBUG 23504 --- [facturacion360] [http-nio-8080-exec-5] o.s.jdbc.core.JdbcTemplate               : Executing prepared SQL statement [SELECT c.descripcion, c.precio_unitario, c.descuento, c.porcentaje_iva FROM conceptos c INNER JOIN facturas f ON f.idfactura = c.idfactura WHERE c.descripcion LIKE ? ESCAPE '\\' ORDER BY f.fecha_emision DESC, f.idfactura DESC, c.idconcepto DESC]
2026-09-16T10:24:53.528+02:00 DEBUG 23504 --- [facturacion360] [http-nio-8080-exec-7] o.s.jdbc.core.JdbcTemplate               : Executing prepared SQL query
2026-09-16T10:24:53.529+02:00 DEBUG 23504 --- [facturacion360] [http-nio-8080-exec-7] o.s.jdbc.core.JdbcTemplate               : Executing prepared SQL statement [SELECT c.descripcion, c.precio_unitario, c.descuento, c.porcentaje_iva FROM conceptos c INNER JOIN facturas f ON f.idfactura = c.idfactura WHERE c.descripcion LIKE ? ESCAPE '\\' ORDER BY f.fecha_emision DESC, f.idfactura DESC, c.idconcepto DESC]
2026-09-16T10:26:20.541+02:00 DEBUG 23504 --- [facturacion360] [http-nio-8080-exec-8] o.s.jdbc.core.JdbcTemplate               : Executing prepared SQL query
2026-09-16T10:26:20.541+02:00 DEBUG 23504 --- [facturacion360] [http-nio-8080-exec-8] o.s.jdbc.core.JdbcTemplate               : Executing prepared SQL statement [SELECT c.descripcion, c.precio_unitario, c.descuento, c.porcentaje_iva FROM conceptos c INNER JOIN facturas f ON f.idfactura = c.idfactura WHERE c.descripcion LIKE ? ESCAPE '\\' ORDER BY f.fecha_emision DESC, f.idfactura DESC, c.idconcepto DESC]
2026-09-16T10:26:21.863+02:00 DEBUG 23504 --- [facturacion360] [http-nio-8080-exec-10] o.s.jdbc.core.JdbcTemplate               : Executing prepared SQL query
2026-09-16T10:26:21.865+02:00 DEBUG 23504 --- [facturacion360] [http-nio-8080-exec-10] o.s.jdbc.core.JdbcTemplate               : Executing prepared SQL statement [SELECT c.descripcion, c.precio_unitario, c.descuento, c.porcentaje_iva FROM conceptos c INNER JOIN facturas f ON f.idfactura = c.idfactura WHERE c.descripcion LIKE ? ESCAPE '\\' ORDER BY f.fecha_emision DESC, f.idfactura DESC, c.idconcepto DESC]
2026-09-16T10:46:24.703+02:00 DEBUG 23504 --- [facturacion360] [http-nio-8080-exec-7] o.s.jdbc.core.JdbcTemplate               : Executing SQL query [SELECT f.idfactura, f.idcliente, c.nombre AS nombre_cliente, f.num_factura, f.fecha_emision, f.estado, f.observaciones, f.subtotal, f.importe_iva, f.total FROM facturas f INNER JOIN clientes c ON f.idcliente = c.idcliente ORDER BY f.fecha_emision DESC, f.idfactura DESC]
2026-09-16T10:46:24.709+02:00  INFO 23504 --- [facturacion360] [http-nio-8080-exec-5] e.x.f.controller.ClienteController       : GET /cliente/listar-ultimos?limite=100 (acotado a 100)
2026-09-16T10:46:24.709+02:00 DEBUG 23504 --- [facturacion360] [http-nio-8080-exec-7] e.x.f.r.FacturaRepositoryJdbcImpl        : buscar() devuelve 9 facturas
2026-09-16T10:46:24.709+02:00 DEBUG 23504 --- [facturacion360] [http-nio-8080-exec-5] o.s.jdbc.core.JdbcTemplate               : Executing prepared SQL query
2026-09-16T10:46:24.709+02:00 DEBUG 23504 --- [facturacion360] [http-nio-8080-exec-5] o.s.jdbc.core.JdbcTemplate               : Executing prepared SQL statement [SELECT idcliente, nombre, nif_cif, direccion, codigopostal, poblacion, provincia, telefono, email, fecha_alta FROM clientes ORDER BY idcliente DESC LIMIT ?]
2026-09-16T10:46:24.713+02:00 DEBUG 23504 --- [facturacion360] [http-nio-8080-exec-5] e.x.f.r.ClienteRepositoryJdbcImpl        : findUltimos(100) -> 5 filas
2026-09-16T10:46:24.713+02:00  INFO 23504 --- [facturacion360] [http-nio-8080-exec-5] e.x.f.service.ClienteServiceImpl         : listarUltimos(100) -> 5 clientes
2026-09-16T10:46:24.715+02:00  INFO 23504 --- [facturacion360] [http-nio-8080-exec-5] e.x.f.controller.ClienteController       : listar-ultimos devuelve 5 clientes
2026-09-16T10:50:48.065+02:00 DEBUG 23504 --- [facturacion360] [http-nio-8080-exec-4] o.s.jdbc.core.JdbcTemplate               : Executing prepared SQL query
2026-09-16T10:50:48.065+02:00 DEBUG 23504 --- [facturacion360] [http-nio-8080-exec-4] o.s.jdbc.core.JdbcTemplate               : Executing prepared SQL statement [SELECT f.idfactura, f.idcliente, c.nombre AS nombre_cliente, f.num_factura, f.fecha_emision, f.estado, f.observaciones, f.subtotal, f.importe_iva, f.total FROM facturas f INNER JOIN clientes c ON f.idcliente = c.idcliente WHERE f.idfactura = ?]
2026-09-16T10:50:48.067+02:00 DEBUG 23504 --- [facturacion360] [http-nio-8080-exec-4] o.s.jdbc.core.JdbcTemplate               : Executing prepared SQL query
2026-09-16T10:50:48.068+02:00 DEBUG 23504 --- [facturacion360] [http-nio-8080-exec-4] o.s.jdbc.core.JdbcTemplate               : Executing prepared SQL statement [SELECT idcliente, nombre, nif_cif, direccion, codigopostal, poblacion, provincia, telefono, email FROM clientes WHERE idcliente = ?]
2026-09-16T10:50:48.070+02:00 DEBUG 23504 --- [facturacion360] [http-nio-8080-exec-4] o.s.jdbc.core.JdbcTemplate               : Executing prepared SQL query
2026-09-16T10:50:48.070+02:00 DEBUG 23504 --- [facturacion360] [http-nio-8080-exec-4] o.s.jdbc.core.JdbcTemplate               : Executing prepared SQL statement [SELECT idconcepto, descripcion, cantidad, precio_unitario, descuento, porcentaje_iva, importe_iva, base_imponible, total FROM conceptos WHERE idfactura = ? ORDER BY idconcepto]
2026-09-16T10:51:01.614+02:00  INFO 23504 --- [facturacion360] [http-nio-8080-exec-1] e.x.f.controller.ClienteController       : GET /cliente/provincias
2026-09-16T10:51:01.614+02:00  INFO 23504 --- [facturacion360] [http-nio-8080-exec-10] e.x.f.controller.ClienteController       : GET /cliente/poblaciones?provincia=null
2026-09-16T10:51:01.616+02:00 DEBUG 23504 --- [facturacion360] [http-nio-8080-exec-10] o.s.jdbc.core.JdbcTemplate               : Executing prepared SQL query
2026-09-16T10:51:01.616+02:00 DEBUG 23504 --- [facturacion360] [http-nio-8080-exec-1] o.s.jdbc.core.JdbcTemplate               : Executing SQL query [SELECT DISTINCT provincia FROM clientes WHERE provincia IS NOT NULL AND provincia <> '' ORDER BY provincia]
2026-09-16T10:51:01.617+02:00 DEBUG 23504 --- [facturacion360] [http-nio-8080-exec-10] o.s.jdbc.core.JdbcTemplate               : Executing prepared SQL statement [SELECT DISTINCT poblacion FROM clientes WHERE poblacion IS NOT NULL AND poblacion <> '' ORDER BY poblacion]
2026-09-16T10:51:01.621+02:00 DEBUG 23504 --- [facturacion360] [http-nio-8080-exec-1] e.x.f.r.ClienteRepositoryJdbcImpl        : findProvincias() -> 5 provincias
2026-09-16T10:51:01.621+02:00 DEBUG 23504 --- [facturacion360] [http-nio-8080-exec-10] e.x.f.r.ClienteRepositoryJdbcImpl        : findPoblaciones(provincia=null) -> 5 poblaciones
2026-09-16T10:51:01.622+02:00  INFO 23504 --- [facturacion360] [http-nio-8080-exec-10] e.x.f.service.ClienteServiceImpl         : listarPoblaciones(provincia=null) -> 5 poblaciones
2026-09-16T10:51:01.622+02:00  INFO 23504 --- [facturacion360] [http-nio-8080-exec-1] e.x.f.service.ClienteServiceImpl         : listarProvincias() -> 5 provincias
2026-09-16T10:51:01.636+02:00  INFO 23504 --- [facturacion360] [http-nio-8080-exec-2] e.x.f.controller.ClienteController       : GET /cliente/listar-pagina -> CriteriosCliente[pagina=0, tamano=10, busqueda=null, provincia=null, poblacion=null, ordenarPor=fecha_alta, direccion=desc]
2026-09-16T10:51:01.649+02:00 DEBUG 23504 --- [facturacion360] [http-nio-8080-exec-2] o.s.jdbc.core.JdbcTemplate               : Executing prepared SQL query
2026-09-16T10:51:01.649+02:00 DEBUG 23504 --- [facturacion360] [http-nio-8080-exec-2] o.s.jdbc.core.JdbcTemplate               : Executing prepared SQL statement [SELECT idcliente, nombre, nif_cif, direccion, codigopostal, poblacion, provincia, telefono, email, fecha_alta FROM clientes ORDER BY fecha_alta IS NULL, fecha_alta DESC, idcliente DESC LIMIT ? OFFSET ?]
2026-09-16T10:51:01.651+02:00 DEBUG 23504 --- [facturacion360] [http-nio-8080-exec-2] e.x.f.r.ClienteRepositoryJdbcImpl        : findPagina(CriteriosCliente[pagina=0, tamano=10, busqueda=null, provincia=null, poblacion=null, ordenarPor=fecha_alta, direccion=desc]) -> 5 filas
2026-09-16T10:51:01.653+02:00 DEBUG 23504 --- [facturacion360] [http-nio-8080-exec-2] o.s.jdbc.core.JdbcTemplate               : Executing prepared SQL query
2026-09-16T10:51:01.654+02:00 DEBUG 23504 --- [facturacion360] [http-nio-8080-exec-2] o.s.jdbc.core.JdbcTemplate               : Executing prepared SQL statement [SELECT COUNT(*) FROM clientes]
2026-09-16T10:51:01.659+02:00  INFO 23504 --- [facturacion360] [http-nio-8080-exec-2] e.x.f.service.ClienteServiceImpl         : listarPagina(CriteriosCliente[pagina=0, tamano=10, busqueda=null, provincia=null, poblacion=null, ordenarPor=fecha_alta, direccion=desc]) -> pagina 1/1, 5 elementos
2026-09-16T10:52:03.211+02:00  INFO 23504 --- [facturacion360] [RMI TCP Connection(67)-127.0.0.1] inMXBeanRegistrar$SpringApplicationAdmin : Application shutdown requested.
2026-09-16T10:52:03.213+02:00  INFO 23504 --- [facturacion360] [RMI TCP Connection(67)-127.0.0.1] o.s.boot.tomcat.GracefulShutdown         : Commencing graceful shutdown. Waiting for active requests to complete
2026-09-16T10:52:03.217+02:00  INFO 23504 --- [facturacion360] [tomcat-shutdown] o.s.boot.tomcat.GracefulShutdown         : Graceful shutdown complete
2026-09-16T10:52:03.220+02:00  INFO 23504 --- [facturacion360] [RMI TCP Connection(67)-127.0.0.1] com.zaxxer.hikari.HikariDataSource       : HikariPool-1 - Shutdown initiated...
2026-09-16T10:52:03.221+02:00  INFO 23504 --- [facturacion360] [RMI TCP Connection(67)-127.0.0.1] com.zaxxer.hikari.HikariDataSource       : HikariPool-1 - Shutdown completed.
